Enter some text: 
abcd

Enter some text: 
1234

Enter some text: 
abcd

Enter some text: 
abcd

Enter some text: 


Enter some text: 
1

Enter some text: 
111

Enter some text: 
0444557899

Enter some text: 
#$$())*2445668ABCDFGHLPPWXZZZ^^aabcd

Enter some text: 
!!!###$%&&&(())**0011112222344456677778899@@@AABCCCDDDEFFGGHHHHJJKKKKKKLMMMNNNNNNOPPPPQQQQRSSSSTTTUUVWWXZZ^^^^^aaaabbbcccccddfff

Enter some text: 
337DELMOPSVVWWXabbcde

Enter some text: 
AFLPTVWWYZ

Enter some text: 
aabccdddddefggghiiijkkkllllmmmmmmmnoopppppqqqqrrsssstwwwyyyzzz

Enter some text: 
