Error: In 'tests/compile-fail/empty.dino': `main` function not found
