Error: In 'tests/compile-fail/no-main.dino': `main` function not found
