Error: In 'tests/compile-fail/no-main-comment.dino': `main` function not found
