Error: In 'tests/compile-fail/type-mismatch.dino': mismatched types
